GNU bash, версия 5.2.37(1)-release (x86_64-alt-linux-gnu)
Copyright (C) 2022 Free Software Foundation, Inc.
Лицензия GPLv3+: GNU GPL версии 3 или более поздней <http://gnu.org/licenses/gpl.html>

Это свободное программное обеспечение. Вы можете изменять и распространять его.
НИКАКАЯ ГАРАНТИЯ не предоставляется в пределах, допускаемых законом.
